Test mp-rs-estore-racy Allowed
States 8
1:a=0; 1:b=0; [x]=1;
1:a=0; 1:b=0; [x]=2;
1:a=1; 1:b=0; [x]=1;
1:a=1; 1:b=0; [x]=2;
1:a=2; 1:b=0; [x]=1;
1:a=2; 1:b=0; [x]=2;
1:a=2; 1:b=1; [x]=1;
1:a=2; 1:b=1; [x]=2;
Undef
Witnesses
Positive: 1 Negative: 7
Flag *undef*
Condition exists ([x]=2 /\ 1:a=2 /\ 1:b=0)
Observation mp-rs-estore-racy Sometimes 1 7
Hash=c1595b578662e1a4d86a833a35c8827e

